app/organizer/events/[eventId]/results/page.tsx(162,39): error TS2339: Property 'message' does not exist on type 'never'.
app/organizer/events/[eventId]/results/page.tsx(163,39): error TS2339: Property 'details' does not exist on type 'never'.
app/organizer/events/[eventId]/results/page.tsx(164,36): error TS2339: Property 'hint' does not exist on type 'never'.
app/organizer/events/[eventId]/results/page.tsx(172,44): error TS2339: Property 'message' does not exist on type 'never'.
app/organizer/events/[eventId]/results/page.tsx(173,44): error TS2339: Property 'details' does not exist on type 'never'.
app/organizer/events/[eventId]/results/page.tsx(181,45): error TS2339: Property 'message' does not exist on type 'never'.
app/organizer/events/[eventId]/results/page.tsx(182,45): error TS2339: Property 'details' does not exist on type 'never'.
